{"logTime": "1010/010906", "correlationVector":"0WCk9Bh8W54ymJaofp7I9K.1","action":"SyncServerConnectionManagerRequest", "result":"SYNC_SERVER_OK", "context":{"environment":"Prod_eastus_prod-s01-056-nam-eastus", "migrationStage":"NotStarted", "server":"aksw2500100000j"}}
{"logTime": "1010/010906", "correlationVector":"0WCk9Bh8W54ymJaofp7I9K.2","action":"ProcessGetUpdates", "result":"Done", "context":{"dataType":"Encryption Keys", "deleted":"0", "process_failed_to_decrypt":"0", "process_pending_decryption":"0", "process_success":"1", "total":"1"}}
{"logTime": "1010/010906", "correlationVector":"S+qCPVR81aVseW4aIFtG2M","action":"SyncServerConnectionManagerRequest", "result":"SYNC_SERVER_OK", "context":{"environment":"", "migrationStage":"", "server":""}}
{"logTime": "1010/010906", "correlationVector":"S+qCPVR81aVseW4aIFtG2M.0","action":"EncryptionKeysFetcher.DownloadKeys:", "result":"Success", "context":Key count: 8, Last key timestamp: 2026-04-15T00:26:23Z}
{"logTime": "1010/010906", "correlationVector":"S+qCPVR81aVseW4aIFtG2M.1","action":"EncryptionKeysManager::SetEncryptionKeys:", "result":"Success", "context":Key names[8]:[0kYQXMPrrVGo93qHQd2ipReHCRz1MW9ScfQ9txw58Ofd7f+ZDNaQoLndj9J0BjGw+38LCi2ppCgEdNBxfOuoHA==][F7iD8Zd7/3HIUmr6gSIo+46X7+oqKhpgw3bu1b7pKqd8cEkYlXDhgQnF3Tbf6P9zu7VSPJGDQHL3MqFLbsNLsg==][PVvGo/6XNzvFssmtNSBJAVjqVqWJdOgp8XTJsQ8S+iSwoM01CUH7oLtirPhcoOe5YCYI8U4zMRNKR8RKmSsC+w==][/NUK6fZY3lDizyriuSJO8hKtWl3yB+Adrs7qKANk8DmCnH4097K+NRVNvq9T9iNzu3MpbviYPyHR48Ktac64Mw==][hau/zpMSom9VJU2S18Ew9IM/AuV74ksBdSTX7ZNHg22qcrFqGZcgMtODcuYifAkpwWrb15oW4TfxYhLcdToedw==][TF66Nx6+m2Bt4hvJr/9gcNde2vYVdLWzpK9OX8EwE5pNhqHB/WzP9zcukYoam5+pPmEyQ7JZpoNYZAlN2toSRw==][J4V6RSvCaYfLj3a3KuV6+N+DRtw+0FxIaqGJbWJnqnwkKCdas43hYBILe6V+YV/4xT1RsEKuLGMCZgMB43bztw==][YUeGzXi2OScNiMhccd5tm6pdq8ZHNoEoNt+x0YMV3rwTyklEzSLCI8AavuznKm5PICkHO74/7ONU61jJ3lB/bw==]}
{"logTime": "1010/010906", "correlationVector":"S+qCPVR81aVseW4aIFtG2M.2","action":"EncryptionKeysManager::SetEncryptionKeysWithTimestamps:", "result":"Success", "context":Key timestamps[8]:[2022-10-25T04:45:33Z][2023-04-29T00:28:40Z][2023-10-26T20:07:55Z][2024-04-24T01:46:25Z][2024-10-21T02:10:43Z][2025-04-19T02:55:32Z][2025-10-16T03:59:13Z][2026-04-15T00:26:23Z]}
{"logTime": "1010/010906", "correlationVector":"0WCk9Bh8W54ymJaofp7I9K","action":"Initial GetUpdates", "result":"", "context":Reason: NEW_CLIENT. cV=0WCk9Bh8W54ymJaofp7I9K}
{"logTime": "1010/010906", "correlationVector":"0WCk9Bh8W54ymJaofp7I9K.3","action":"GetUpdates Response", "result":"Success", "context":Received 1 update(s). cV=0WCk9Bh8W54ymJaofp7I9K.0;server=aksw2500100000j;cloudType=Consumer;environment=Prod_eastus_prod-s01-056-nam-eastus;migrationStage=NotStarted}
{"logTime": "1010/010906", "correlationVector":"yKsWYcizXKagHt8JwENvxb","action":"Initial GetUpdates", "result":"", "context":Reason: NEWLY_SUPPORTED_DATATYPE. cV=yKsWYcizXKagHt8JwENvxb}
{"logTime": "1010/010906", "correlationVector":"yKsWYcizXKagHt8JwENvxb.1","action":"SyncServerConnectionManagerRequest", "result":"SYNC_SERVER_OK", "context":{"environment":"Prod_eastus_prod-s01-056-nam-eastus", "migrationStage":"NotStarted", "server":"aksw2500100000l"}}
{"logTime": "1010/010906", "correlationVector":"yKsWYcizXKagHt8JwENvxb.2","action":"ProcessGetUpdates", "result":"Done", "context":{"dataType":"Passwords", "deleted":"0", "process_failed_to_decrypt":"0", "process_pending_decryption":"0", "process_success":"1", "total":"1"}}
{"logTime": "1010/010906", "correlationVector":"yKsWYcizXKagHt8JwENvxb.3","action":"ProcessGetUpdates", "result":"Done", "context":{"dataType":"Device Info", "deleted":"0", "process_failed_to_decrypt":"0", "process_pending_decryption":"0", "process_success":"64", "total":"64"}}
{"logTime": "1010/010906", "correlationVector":"yKsWYcizXKagHt8JwENvxb.4","action":"GetUpdates Response", "result":"Success", "context":Received 65 update(s). cV=yKsWYcizXKagHt8JwENvxb.0;server=aksw2500100000l;cloudType=Consumer;environment=Prod_eastus_prod-s01-056-nam-eastus;migrationStage=NotStarted}
{"logTime": "1010/010906", "correlationVector":"oLlz9CCSFY9DHA4nmhcj9U","action":"Initial GetUpdates", "result":"", "context":Reason: NEWLY_SUPPORTED_DATATYPE. cV=oLlz9CCSFY9DHA4nmhcj9U}
{"logTime": "1010/010907", "correlationVector":"oLlz9CCSFY9DHA4nmhcj9U.1","action":"SyncServerConnectionManagerRequest", "result":"SYNC_SERVER_OK", "context":{"environment":"Prod_eastus_prod-s01-056-nam-eastus", "migrationStage":"NotStarted", "server":"aksw2500100000f"}}
{"logTime": "1010/010907", "correlationVector":"oLlz9CCSFY9DHA4nmhcj9U.2","action":"ProcessGetUpdates", "result":"Done", "context":{"dataType":"Bookmarks", "deleted":"14", "process_failed_to_decrypt":"0", "process_pending_decryption":"0", "process_success":"23", "total":"23"}}
{"logTime": "1010/010907", "correlationVector":"oLlz9CCSFY9DHA4nmhcj9U.3","action":"ProcessGetUpdates", "result":"Done", "context":{"dataType":"Preferences", "deleted":"0", "process_failed_to_decrypt":"0", "process_pending_decryption":"0", "process_success":"79", "total":"79"}}
{"logTime": "1010/010907", "correlationVector":"oLlz9CCSFY9DHA4nmhcj9U.4","action":"ProcessGetUpdates", "result":"Done", "context":{"dataType":"Autofill", "deleted":"0", "process_failed_to_decrypt":"0", "process_pending_decryption":"0", "process_success":"1", "total":"1"}}
{"logTime": "1010/010907", "correlationVector":"oLlz9CCSFY9DHA4nmhcj9U.5","action":"ProcessGetUpdates", "result":"Done", "context":{"dataType":"Sessions", "deleted":"143", "process_failed_to_decrypt":"0", "process_pending_decryption":"0", "process_success":"143", "total":"143"}}
{"logTime": "1010/010907", "correlationVector":"oLlz9CCSFY9DHA4nmhcj9U.6","action":"ProcessGetUpdates", "result":"Done", "context":{"dataType":"Web Apps", "deleted":"0", "process_failed_to_decrypt":"0", "process_pending_decryption":"0", "process_success":"1", "total":"1"}}
{"logTime": "1010/010907", "correlationVector":"oLlz9CCSFY9DHA4nmhcj9U.7","action":"ProcessGetUpdates", "result":"Done", "context":{"dataType":"Saved Tab Group", "deleted":"3", "process_failed_to_decrypt":"0", "process_pending_decryption":"0", "process_success":"3", "total":"3"}}
{"logTime": "1010/010907", "correlationVector":"oLlz9CCSFY9DHA4nmhcj9U.8","action":"GetUpdates Response", "result":"Success", "context":Received 250 update(s). cV=oLlz9CCSFY9DHA4nmhcj9U.0;server=aksw2500100000f;cloudType=Consumer;environment=Prod_eastus_prod-s01-056-nam-eastus;migrationStage=NotStarted Some updates remain.}
{"logTime": "1010/010907", "correlationVector":"9AGXeP2AtD0tV4cVlInRiv","action":"Initial GetUpdates", "result":"", "context":Reason: NEWLY_SUPPORTED_DATATYPE. cV=9AGXeP2AtD0tV4cVlInRiv}
{"logTime": "1010/010907", "correlationVector":"9AGXeP2AtD0tV4cVlInRiv.1","action":"SyncServerConnectionManagerRequest", "result":"SYNC_SERVER_OK", "context":{"environment":"Prod_eastus_prod-s01-056-nam-eastus", "migrationStage":"NotStarted", "server":"aksw2500100000t"}}
{"logTime": "1010/010907", "correlationVector":"9AGXeP2AtD0tV4cVlInRiv.2","action":"ProcessGetUpdates", "result":"Done", "context":{"dataType":"Bookmarks", "deleted":"0", "process_failed_to_decrypt":"0", "process_pending_decryption":"0", "process_success":"2", "total":"2"}}
{"logTime": "1010/010907", "correlationVector":"9AGXeP2AtD0tV4cVlInRiv.3","action":"ProcessGetUpdates", "result":"Done", "context":{"dataType":"Sessions", "deleted":"246", "process_failed_to_decrypt":"0", "process_pending_decryption":"0", "process_success":"246", "total":"246"}}
{"logTime": "1010/010907", "correlationVector":"9AGXeP2AtD0tV4cVlInRiv.4","action":"ProcessGetUpdates", "result":"Done", "context":{"dataType":"Edge Hub App Usage", "deleted":"1", "process_failed_to_decrypt":"0", "process_pending_decryption":"0", "process_success":"2", "total":"2"}}
{"logTime": "1010/010907", "correlationVector":"9AGXeP2AtD0tV4cVlInRiv.5","action":"GetUpdates Response", "result":"Success", "context":Received 250 update(s). cV=9AGXeP2AtD0tV4cVlInRiv.0;server=aksw2500100000t;cloudType=Consumer;environment=Prod_eastus_prod-s01-056-nam-eastus;migrationStage=NotStarted Some updates remain.}
{"logTime": "1010/010907", "correlationVector":"P4f1CphoywkwES5B9mLRpZ","action":"Initial GetUpdates", "result":"", "context":Reason: NEWLY_SUPPORTED_DATATYPE. cV=P4f1CphoywkwES5B9mLRpZ}
{"logTime": "1010/010907", "correlationVector":"P4f1CphoywkwES5B9mLRpZ.1","action":"SyncServerConnectionManagerRequest", "result":"SYNC_SERVER_OK", "context":{"environment":"Prod_eastus_prod-s01-056-nam-eastus", "migrationStage":"NotStarted", "server":"aksw2500100000l"}}
{"logTime": "1010/010907", "correlationVector":"P4f1CphoywkwES5B9mLRpZ.2","action":"ProcessGetUpdates", "result":"Done", "context":{"dataType":"Bookmarks", "deleted":"3", "process_failed_to_decrypt":"0", "process_pending_decryption":"0", "process_success":"4", "total":"4"}}
{"logTime": "1010/010907", "correlationVector":"P4f1CphoywkwES5B9mLRpZ.3","action":"ProcessGetUpdates", "result":"Done", "context":{"dataType":"Sessions", "deleted":"244", "process_failed_to_decrypt":"0", "process_pending_decryption":"0", "process_success":"244", "total":"244"}}
{"logTime": "1010/010907", "correlationVector":"P4f1CphoywkwES5B9mLRpZ.4","action":"ProcessGetUpdates", "result":"Done", "context":{"dataType":"Edge Hub App Usage", "deleted":"1", "process_failed_to_decrypt":"0", "process_pending_decryption":"0", "process_success":"2", "total":"2"}}
{"logTime": "1010/010907", "correlationVector":"P4f1CphoywkwES5B9mLRpZ.5","action":"GetUpdates Response", "result":"Success", "context":Received 250 update(s). cV=P4f1CphoywkwES5B9mLRpZ.0;server=aksw2500100000l;cloudType=Consumer;environment=Prod_eastus_prod-s01-056-nam-eastus;migrationStage=NotStarted Some updates remain.}
{"logTime": "1010/010907", "correlationVector":"shFERGl0fGGDWwB8U4do4E","action":"Initial GetUpdates", "result":"", "context":Reason: NEWLY_SUPPORTED_DATATYPE. cV=shFERGl0fGGDWwB8U4do4E}
{"logTime": "1010/010907", "correlationVector":"shFERGl0fGGDWwB8U4do4E.1","action":"SyncServerConnectionManagerRequest", "result":"SYNC_SERVER_OK", "context":{"environment":"Prod_eastus_prod-s01-056-nam-eastus", "migrationStage":"NotStarted", "server":"aksw25001000000"}}
{"logTime": "1010/010907", "correlationVector":"shFERGl0fGGDWwB8U4do4E.2","action":"ProcessGetUpdates", "result":"Done", "context":{"dataType":"Bookmarks", "deleted":"0", "process_failed_to_decrypt":"0", "process_pending_decryption":"0", "process_success":"1", "total":"1"}}
{"logTime": "1010/010907", "correlationVector":"shFERGl0fGGDWwB8U4do4E.3","action":"ProcessGetUpdates", "result":"Done", "context":{"dataType":"Autofill", "deleted":"58", "process_failed_to_decrypt":"0", "process_pending_decryption":"0", "process_success":"58", "total":"58"}}
{"logTime": "1010/010907", "correlationVector":"shFERGl0fGGDWwB8U4do4E.4","action":"ProcessGetUpdates", "result":"Done", "context":{"dataType":"Sessions", "deleted":"137", "process_failed_to_decrypt":"0", "process_pending_decryption":"0", "process_success":"137", "total":"137"}}
{"logTime": "1010/010907", "correlationVector":"shFERGl0fGGDWwB8U4do4E.5","action":"ProcessGetUpdates", "result":"Done", "context":{"dataType":"History Delete Directives", "deleted":"0", "process_failed_to_decrypt":"0", "process_pending_decryption":"0", "process_success":"54", "total":"54"}}
{"logTime": "1010/010907", "correlationVector":"shFERGl0fGGDWwB8U4do4E.6","action":"GetUpdates Response", "result":"Success", "context":Received 250 update(s). cV=shFERGl0fGGDWwB8U4do4E.0;server=aksw25001000000;cloudType=Consumer;environment=Prod_eastus_prod-s01-056-nam-eastus;migrationStage=NotStarted Some updates remain.}
{"logTime": "1010/010907", "correlationVector":"DS48M/VvwZkdG1PkAL5iLk","action":"Initial GetUpdates", "result":"", "context":Reason: NEWLY_SUPPORTED_DATATYPE. cV=DS48M/VvwZkdG1PkAL5iLk}
{"logTime": "1010/010908", "correlationVector":"DS48M/VvwZkdG1PkAL5iLk.1","action":"SyncServerConnectionManagerRequest", "result":"SYNC_SERVER_OK", "context":{"environment":"Prod_eastus_prod-s01-056-nam-eastus", "migrationStage":"NotStarted", "server":"aksw25001000007"}}
{"logTime": "1010/010908", "correlationVector":"DS48M/VvwZkdG1PkAL5iLk.2","action":"ProcessGetUpdates", "result":"Done", "context":{"dataType":"Autofill", "deleted":"138", "process_failed_to_decrypt":"0", "process_pending_decryption":"0", "process_success":"138", "total":"138"}}
{"logTime": "1010/010908", "correlationVector":"DS48M/VvwZkdG1PkAL5iLk.3","action":"ProcessGetUpdates", "result":"Done", "context":{"dataType":"Sessions", "deleted":"85", "process_failed_to_decrypt":"0", "process_pending_decryption":"0", "process_success":"85", "total":"85"}}
{"logTime": "1010/010908", "correlationVector":"DS48M/VvwZkdG1PkAL5iLk.4","action":"ProcessGetUpdates", "result":"Done", "context":{"dataType":"History Delete Directives", "deleted":"0", "process_failed_to_decrypt":"0", "process_pending_decryption":"0", "process_success":"27", "total":"27"}}
{"logTime": "1010/010908", "correlationVector":"DS48M/VvwZkdG1PkAL5iLk.5","action":"GetUpdates Response", "result":"Success", "context":Received 250 update(s). cV=DS48M/VvwZkdG1PkAL5iLk.0;server=aksw25001000007;cloudType=Consumer;environment=Prod_eastus_prod-s01-056-nam-eastus;migrationStage=NotStarted Some updates remain.}
{"logTime": "1010/010908", "correlationVector":"nsTJ9y8F4t3rdL7pljVDvJ","action":"Initial GetUpdates", "result":"", "context":Reason: NEWLY_SUPPORTED_DATATYPE. cV=nsTJ9y8F4t3rdL7pljVDvJ}
{"logTime": "1010/010908", "correlationVector":"nsTJ9y8F4t3rdL7pljVDvJ.1","action":"SyncServerConnectionManagerRequest", "result":"SYNC_SERVER_OK", "context":{"environment":"Prod_eastus_prod-s01-056-nam-eastus", "migrationStage":"NotStarted", "server":"aksw25001000009"}}
{"logTime": "1010/010908", "correlationVector":"nsTJ9y8F4t3rdL7pljVDvJ.2","action":"ProcessGetUpdates", "result":"Done", "context":{"dataType":"Bookmarks", "deleted":"1", "process_failed_to_decrypt":"0", "process_pending_decryption":"0", "process_success":"3", "total":"3"}}
{"logTime": "1010/010908", "correlationVector":"nsTJ9y8F4t3rdL7pljVDvJ.3","action":"ProcessGetUpdates", "result":"Done", "context":{"dataType":"Preferences", "deleted":"0", "process_failed_to_decrypt":"0", "process_pending_decryption":"0", "process_success":"1", "total":"1"}}
{"logTime": "1010/010908", "correlationVector":"nsTJ9y8F4t3rdL7pljVDvJ.4","action":"ProcessGetUpdates", "result":"Done", "context":{"dataType":"Extensions", "deleted":"0", "process_failed_to_decrypt":"0", "process_pending_decryption":"0", "process_success":"1", "total":"1"}}
{"logTime": "1010/010908", "correlationVector":"nsTJ9y8F4t3rdL7pljVDvJ.5","action":"ProcessGetUpdates", "result":"Done", "context":{"dataType":"Sessions", "deleted":"195", "process_failed_to_decrypt":"0", "process_pending_decryption":"0", "process_success":"207", "total":"207"}}
{"logTime": "1010/010908", "correlationVector":"nsTJ9y8F4t3rdL7pljVDvJ.6","action":"ProcessGetUpdates", "result":"Done", "context":{"dataType":"History Delete Directives", "deleted":"0", "process_failed_to_decrypt":"0", "process_pending_decryption":"0", "process_success":"35", "total":"35"}}
{"logTime": "1010/010908", "correlationVector":"nsTJ9y8F4t3rdL7pljVDvJ.7","action":"ProcessGetUpdates", "result":"Done", "context":{"dataType":"Edge Hub App Usage", "deleted":"1", "process_failed_to_decrypt":"0", "process_pending_decryption":"0", "process_success":"3", "total":"3"}}
{"logTime": "1010/010908", "correlationVector":"nsTJ9y8F4t3rdL7pljVDvJ.8","action":"GetUpdates Response", "result":"Success", "context":Received 250 update(s). cV=nsTJ9y8F4t3rdL7pljVDvJ.0;server=aksw25001000009;cloudType=Consumer;environment=Prod_eastus_prod-s01-056-nam-eastus;migrationStage=NotStarted Some updates remain.}
{"logTime": "1010/010908", "correlationVector":"Ije6J4cPBIIB4NbF4XciMO","action":"Initial GetUpdates", "result":"", "context":Reason: NEWLY_SUPPORTED_DATATYPE. cV=Ije6J4cPBIIB4NbF4XciMO}
{"logTime": "1010/010908", "correlationVector":"Ije6J4cPBIIB4NbF4XciMO.1","action":"SyncServerConnectionManagerRequest", "result":"SYNC_SERVER_OK", "context":{"environment":"Prod_eastus_prod-s01-056-nam-eastus", "migrationStage":"NotStarted", "server":"aksw25001000005"}}
{"logTime": "1010/010908", "correlationVector":"Ije6J4cPBIIB4NbF4XciMO.2","action":"ProcessGetUpdates", "result":"Done", "context":{"dataType":"Bookmarks", "deleted":"0", "process_failed_to_decrypt":"0", "process_pending_decryption":"0", "process_success":"7", "total":"7"}}
{"logTime": "1010/010908", "correlationVector":"Ije6J4cPBIIB4NbF4XciMO.3","action":"ProcessGetUpdates", "result":"Done", "context":{"dataType":"Preferences", "deleted":"0", "process_failed_to_decrypt":"0", "process_pending_decryption":"0", "process_success":"3", "total":"3"}}
{"logTime": "1010/010908", "correlationVector":"Ije6J4cPBIIB4NbF4XciMO.4","action":"ProcessGetUpdates", "result":"Done", "context":{"dataType":"Sessions", "deleted":"44", "process_failed_to_decrypt":"0", "process_pending_decryption":"0", "process_success":"138", "total":"138"}}
{"logTime": "1010/010908", "correlationVector":"Ije6J4cPBIIB4NbF4XciMO.5","action":"ProcessGetUpdates", "result":"Done", "context":{"dataType":"History Delete Directives", "deleted":"0", "process_failed_to_decrypt":"0", "process_pending_decryption":"0", "process_success":"7", "total":"7"}}
{"logTime": "1010/010908", "correlationVector":"Ije6J4cPBIIB4NbF4XciMO.6","action":"ProcessGetUpdates", "result":"Done", "context":{"dataType":"Edge Hub App Usage", "deleted":"0", "process_failed_to_decrypt":"0", "process_pending_decryption":"0", "process_success":"14", "total":"14"}}
{"logTime": "1010/010908", "correlationVector":"Ije6J4cPBIIB4NbF4XciMO.7","action":"GetUpdates Response", "result":"Success", "context":Received 169 update(s). cV=Ije6J4cPBIIB4NbF4XciMO.0;server=aksw25001000005;cloudType=Consumer;environment=Prod_eastus_prod-s01-056-nam-eastus;migrationStage=NotStarted}
{"logTime": "1010/010908", "correlationVector":"14gweOZZ0o375kcJvf0Lub","action":"Initial GetUpdates", "result":"", "context":Reason: NEWLY_SUPPORTED_DATATYPE. cV=14gweOZZ0o375kcJvf0Lub}
{"logTime": "1010/010909", "correlationVector":"14gweOZZ0o375kcJvf0Lub.1","action":"SyncServerConnectionManagerRequest", "result":"SYNC_SERVER_OK", "context":{"environment":"Prod_eastus_prod-s01-056-nam-eastus", "migrationStage":"NotStarted", "server":"aksw2500100000b"}}
{"logTime": "1010/010909", "correlationVector":"14gweOZZ0o375kcJvf0Lub.2","action":"ProcessGetUpdates", "result":"Done", "context":{"dataType":"History", "deleted":"250", "process_failed_to_decrypt":"0", "process_pending_decryption":"0", "process_success":"250", "total":"250"}}
{"logTime": "1010/010909", "correlationVector":"14gweOZZ0o375kcJvf0Lub.3","action":"GetUpdates Response", "result":"Success", "context":Received 250 update(s). cV=14gweOZZ0o375kcJvf0Lub.0;server=aksw2500100000b;cloudType=Consumer;environment=Prod_eastus_prod-s01-056-nam-eastus;migrationStage=NotStarted Some updates remain.}
{"logTime": "1010/010909", "correlationVector":"CBradiCSK2+bZEBlx2RKbJ","action":"Initial GetUpdates", "result":"", "context":Reason: NEWLY_SUPPORTED_DATATYPE. cV=CBradiCSK2+bZEBlx2RKbJ}
{"logTime": "1010/010909", "correlationVector":"CBradiCSK2+bZEBlx2RKbJ.1","action":"SyncServerConnectionManagerRequest", "result":"SYNC_SERVER_OK", "context":{"environment":"Prod_eastus_prod-s01-056-nam-eastus", "migrationStage":"NotStarted", "server":"aksw25001000006"}}
{"logTime": "1010/010909", "correlationVector":"CBradiCSK2+bZEBlx2RKbJ.2","action":"ProcessGetUpdates", "result":"Done", "context":{"dataType":"History", "deleted":"250", "process_failed_to_decrypt":"0", "process_pending_decryption":"0", "process_success":"250", "total":"250"}}
{"logTime": "1010/010909", "correlationVector":"CBradiCSK2+bZEBlx2RKbJ.3","action":"GetUpdates Response", "result":"Success", "context":Received 250 update(s). cV=CBradiCSK2+bZEBlx2RKbJ.0;server=aksw25001000006;cloudType=Consumer;environment=Prod_eastus_prod-s01-056-nam-eastus;migrationStage=NotStarted Some updates remain.}
{"logTime": "1010/010909", "correlationVector":"bB/ki0fiblwbm/2tT/OH9q","action":"Initial GetUpdates", "result":"", "context":Reason: NEWLY_SUPPORTED_DATATYPE. cV=bB/ki0fiblwbm/2tT/OH9q}
{"logTime": "1010/010909", "correlationVector":"bB/ki0fiblwbm/2tT/OH9q.1","action":"SyncServerConnectionManagerRequest", "result":"SYNC_SERVER_OK", "context":{"environment":"Prod_eastus_prod-s01-056-nam-eastus", "migrationStage":"NotStarted", "server":"aksw2500100000k"}}
{"logTime": "1010/010909", "correlationVector":"bB/ki0fiblwbm/2tT/OH9q.2","action":"ProcessGetUpdates", "result":"Done", "context":{"dataType":"History", "deleted":"250", "process_failed_to_decrypt":"0", "process_pending_decryption":"0", "process_success":"250", "total":"250"}}
{"logTime": "1010/010909", "correlationVector":"bB/ki0fiblwbm/2tT/OH9q.3","action":"GetUpdates Response", "result":"Success", "context":Received 250 update(s). cV=bB/ki0fiblwbm/2tT/OH9q.0;server=aksw2500100000k;cloudType=Consumer;environment=Prod_eastus_prod-s01-056-nam-eastus;migrationStage=NotStarted Some updates remain.}
{"logTime": "1010/010909", "correlationVector":"hrrkT4vaU3riGlmHUvcADW","action":"Initial GetUpdates", "result":"", "context":Reason: NEWLY_SUPPORTED_DATATYPE. cV=hrrkT4vaU3riGlmHUvcADW}
{"logTime": "1010/010909", "correlationVector":"hrrkT4vaU3riGlmHUvcADW.1","action":"SyncServerConnectionManagerRequest", "result":"SYNC_SERVER_OK", "context":{"environment":"Prod_eastus_prod-s01-056-nam-eastus", "migrationStage":"NotStarted", "server":"aksw2500100000h"}}
{"logTime": "1010/010909", "correlationVector":"hrrkT4vaU3riGlmHUvcADW.2","action":"ProcessGetUpdates", "result":"Done", "context":{"dataType":"History", "deleted":"250", "process_failed_to_decrypt":"0", "process_pending_decryption":"0", "process_success":"250", "total":"250"}}
{"logTime": "1010/010909", "correlationVector":"hrrkT4vaU3riGlmHUvcADW.3","action":"GetUpdates Response", "result":"Success", "context":Received 250 update(s). cV=hrrkT4vaU3riGlmHUvcADW.0;server=aksw2500100000h;cloudType=Consumer;environment=Prod_eastus_prod-s01-056-nam-eastus;migrationStage=NotStarted Some updates remain.}
{"logTime": "1010/010909", "correlationVector":"DT5awXq84U+bcR11TIpn/R","action":"Initial GetUpdates", "result":"", "context":Reason: NEWLY_SUPPORTED_DATATYPE. cV=DT5awXq84U+bcR11TIpn/R}
{"logTime": "1010/010910", "correlationVector":"DT5awXq84U+bcR11TIpn/R.1","action":"SyncServerConnectionManagerRequest", "result":"SYNC_SERVER_OK", "context":{"environment":"Prod_eastus_prod-s01-056-nam-eastus", "migrationStage":"NotStarted", "server":"aksw2500100000k"}}
{"logTime": "1010/010910", "correlationVector":"DT5awXq84U+bcR11TIpn/R.2","action":"ProcessGetUpdates", "result":"Done", "context":{"dataType":"History", "deleted":"250", "process_failed_to_decrypt":"0", "process_pending_decryption":"0", "process_success":"250", "total":"250"}}
{"logTime": "1010/010910", "correlationVector":"DT5awXq84U+bcR11TIpn/R.3","action":"GetUpdates Response", "result":"Success", "context":Received 250 update(s). cV=DT5awXq84U+bcR11TIpn/R.0;server=aksw2500100000k;cloudType=Consumer;environment=Prod_eastus_prod-s01-056-nam-eastus;migrationStage=NotStarted Some updates remain.}
{"logTime": "1010/010910", "correlationVector":"LRx8ZkyP7QW5fEyFzUMz6n","action":"Initial GetUpdates", "result":"", "context":Reason: NEWLY_SUPPORTED_DATATYPE. cV=LRx8ZkyP7QW5fEyFzUMz6n}
{"logTime": "1010/010910", "correlationVector":"LRx8ZkyP7QW5fEyFzUMz6n.1","action":"SyncServerConnectionManagerRequest", "result":"SYNC_SERVER_OK", "context":{"environment":"Prod_eastus_prod-s01-056-nam-eastus", "migrationStage":"NotStarted", "server":"aksw25001000005"}}
{"logTime": "1010/010910", "correlationVector":"LRx8ZkyP7QW5fEyFzUMz6n.2","action":"ProcessGetUpdates", "result":"Done", "context":{"dataType":"History", "deleted":"250", "process_failed_to_decrypt":"0", "process_pending_decryption":"0", "process_success":"250", "total":"250"}}
{"logTime": "1010/010910", "correlationVector":"LRx8ZkyP7QW5fEyFzUMz6n.3","action":"GetUpdates Response", "result":"Success", "context":Received 250 update(s). cV=LRx8ZkyP7QW5fEyFzUMz6n.0;server=aksw25001000005;cloudType=Consumer;environment=Prod_eastus_prod-s01-056-nam-eastus;migrationStage=NotStarted Some updates remain.}
{"logTime": "1010/010910", "correlationVector":"ZToitRfmvaDmO6cUzH615b","action":"Initial GetUpdates", "result":"", "context":Reason: NEWLY_SUPPORTED_DATATYPE. cV=ZToitRfmvaDmO6cUzH615b}
{"logTime": "1010/010910", "correlationVector":"ZToitRfmvaDmO6cUzH615b.1","action":"SyncServerConnectionManagerRequest", "result":"SYNC_SERVER_OK", "context":{"environment":"Prod_eastus_prod-s01-056-nam-eastus", "migrationStage":"NotStarted", "server":"aksw25001000007"}}
{"logTime": "1010/010910", "correlationVector":"ZToitRfmvaDmO6cUzH615b.2","action":"ProcessGetUpdates", "result":"Done", "context":{"dataType":"History", "deleted":"250", "process_failed_to_decrypt":"0", "process_pending_decryption":"0", "process_success":"250", "total":"250"}}
{"logTime": "1010/010910", "correlationVector":"ZToitRfmvaDmO6cUzH615b.3","action":"GetUpdates Response", "result":"Success", "context":Received 250 update(s). cV=ZToitRfmvaDmO6cUzH615b.0;server=aksw25001000007;cloudType=Consumer;environment=Prod_eastus_prod-s01-056-nam-eastus;migrationStage=NotStarted Some updates remain.}
{"logTime": "1010/010910", "correlationVector":"f3xzFE2kjuKTUqgAbQ1ZIz","action":"Initial GetUpdates", "result":"", "context":Reason: NEWLY_SUPPORTED_DATATYPE. cV=f3xzFE2kjuKTUqgAbQ1ZIz}
{"logTime": "1010/010910", "correlationVector":"f3xzFE2kjuKTUqgAbQ1ZIz.1","action":"SyncServerConnectionManagerRequest", "result":"SYNC_SERVER_OK", "context":{"environment":"Prod_eastus_prod-s01-056-nam-eastus", "migrationStage":"NotStarted", "server":"aksw2500100000b"}}
{"logTime": "1010/010910", "correlationVector":"f3xzFE2kjuKTUqgAbQ1ZIz.2","action":"ProcessGetUpdates", "result":"Done", "context":{"dataType":"History", "deleted":"250", "process_failed_to_decrypt":"0", "process_pending_decryption":"0", "process_success":"250", "total":"250"}}
{"logTime": "1010/010910", "correlationVector":"f3xzFE2kjuKTUqgAbQ1ZIz.3","action":"GetUpdates Response", "result":"Success", "context":Received 250 update(s). cV=f3xzFE2kjuKTUqgAbQ1ZIz.0;server=aksw2500100000b;cloudType=Consumer;environment=Prod_eastus_prod-s01-056-nam-eastus;migrationStage=NotStarted Some updates remain.}
{"logTime": "1010/010910", "correlationVector":"JCXXSJzR+d57ANOctD8uyD","action":"Initial GetUpdates", "result":"", "context":Reason: NEWLY_SUPPORTED_DATATYPE. cV=JCXXSJzR+d57ANOctD8uyD}
{"logTime": "1010/010911", "correlationVector":"JCXXSJzR+d57ANOctD8uyD.1","action":"SyncServerConnectionManagerRequest", "result":"SYNC_SERVER_OK", "context":{"environment":"Prod_eastus_prod-s01-056-nam-eastus", "migrationStage":"NotStarted", "server":"aksw25001000005"}}
{"logTime": "1010/010911", "correlationVector":"JCXXSJzR+d57ANOctD8uyD.2","action":"ProcessGetUpdates", "result":"Done", "context":{"dataType":"History", "deleted":"250", "process_failed_to_decrypt":"0", "process_pending_decryption":"0", "process_success":"250", "total":"250"}}
{"logTime": "1010/010911", "correlationVector":"JCXXSJzR+d57ANOctD8uyD.3","action":"GetUpdates Response", "result":"Success", "context":Received 250 update(s). cV=JCXXSJzR+d57ANOctD8uyD.0;server=aksw25001000005;cloudType=Consumer;environment=Prod_eastus_prod-s01-056-nam-eastus;migrationStage=NotStarted Some updates remain.}
{"logTime": "1010/010911", "correlationVector":"UEkwOtU0j/pnf+/vgmkZA5","action":"Initial GetUpdates", "result":"", "context":Reason: NEWLY_SUPPORTED_DATATYPE. cV=UEkwOtU0j/pnf+/vgmkZA5}
{"logTime": "1010/010911", "correlationVector":"UEkwOtU0j/pnf+/vgmkZA5.1","action":"SyncServerConnectionManagerRequest", "result":"SYNC_SERVER_OK", "context":{"environment":"Prod_eastus_prod-s01-056-nam-eastus", "migrationStage":"NotStarted", "server":"aksw25001000005"}}
{"logTime": "1010/010911", "correlationVector":"UEkwOtU0j/pnf+/vgmkZA5.2","action":"ProcessGetUpdates", "result":"Done", "context":{"dataType":"History", "deleted":"208", "process_failed_to_decrypt":"0", "process_pending_decryption":"0", "process_success":"250", "total":"250"}}
{"logTime": "1010/010911", "correlationVector":"UEkwOtU0j/pnf+/vgmkZA5.3","action":"GetUpdates Response", "result":"Success", "context":Received 250 update(s). cV=UEkwOtU0j/pnf+/vgmkZA5.0;server=aksw25001000005;cloudType=Consumer;environment=Prod_eastus_prod-s01-056-nam-eastus;migrationStage=NotStarted Some updates remain.}
{"logTime": "1010/010911", "correlationVector":"jRhXAvtgUeh4PsYR1SoSVg","action":"Initial GetUpdates", "result":"", "context":Reason: NEWLY_SUPPORTED_DATATYPE. cV=jRhXAvtgUeh4PsYR1SoSVg}
{"logTime": "1010/010911", "correlationVector":"jRhXAvtgUeh4PsYR1SoSVg.1","action":"SyncServerConnectionManagerRequest", "result":"SYNC_SERVER_OK", "context":{"environment":"Prod_eastus_prod-s01-056-nam-eastus", "migrationStage":"NotStarted", "server":"aksw25001000007"}}
{"logTime": "1010/010911", "correlationVector":"jRhXAvtgUeh4PsYR1SoSVg.2","action":"ProcessGetUpdates", "result":"Done", "context":{"dataType":"History", "deleted":"0", "process_failed_to_decrypt":"0", "process_pending_decryption":"0", "process_success":"68", "total":"68"}}
{"logTime": "1010/010911", "correlationVector":"jRhXAvtgUeh4PsYR1SoSVg.3","action":"GetUpdates Response", "result":"Success", "context":Received 68 update(s). cV=jRhXAvtgUeh4PsYR1SoSVg.0;server=aksw25001000007;cloudType=Consumer;environment=Prod_eastus_prod-s01-056-nam-eastus;migrationStage=NotStarted}
{"logTime": "1010/010911", "correlationVector":"Zic1qqy/J8G/IeV+mUASij","action":"Normal GetUpdate request", "result":"", "context":cV=Zic1qqy/J8G/IeV+mUASij
Nudged types: Sessions, Device Info, User Consents, History
Refresh requested types: Bookmarks, Preferences, Passwords, Autofill Profiles, Autofill, Extensions, Sessions, Extension settings, History Delete Directives, Device Info, User Consents, Send Tab To Self, Web Apps, History, Saved Tab Group, WebAuthn Credentials, Edge Hub App Usage, Edge Workspace, Encryption Keys}
{"logTime": "1010/010911", "correlationVector":"Zic1qqy/J8G/IeV+mUASij.1","action":"SyncServerConnectionManagerRequest", "result":"SYNC_SERVER_OK", "context":{"environment":"Prod_eastus_prod-s01-056-nam-eastus", "migrationStage":"NotStarted", "server":"aksw2500100000k"}}
{"logTime": "1010/010911", "correlationVector":"Zic1qqy/J8G/IeV+mUASij.2","action":"GetUpdates Response", "result":"Success", "context":Received 0 update(s). cV=Zic1qqy/J8G/IeV+mUASij.0;server=aksw2500100000k;cloudType=Consumer;environment=Prod_eastus_prod-s01-056-nam-eastus;migrationStage=NotStarted}
{"logTime": "1010/010911", "correlationVector":"u0hJtpnfORzxC02+wSKgsX","action":"Commit Request", "result":"", "context":Item count: 7
Contributing types: Sessions, Device Info, User Consents, History}
{"logTime": "1010/010912", "correlationVector":"u0hJtpnfORzxC02+wSKgsX.1","action":"SyncServerConnectionManagerRequest", "result":"SYNC_SERVER_OK", "context":{"environment":"Prod_eastus_prod-s01-056-nam-eastus", "migrationStage":"NotStarted", "server":"aksw2500100000t"}}
{"logTime": "1010/010912", "correlationVector":"u0hJtpnfORzxC02+wSKgsX.2","action":"Commit Response", "result":"Success", "context":Result: Success. cV=u0hJtpnfORzxC02+wSKgsX.0;server=aksw2500100000t;cloudType=Consumer;environment=Prod_eastus_prod-s01-056-nam-eastus;migrationStage=NotStarted}
